// Jest Snapshot v1, https://goo.gl/fbAQLP

exports[`Test App 1`] = `
<div
  className="App"
  data-observe-resize={true}
>
  <div
    className="grid-container"
  >
    <div
      className="Navbar"
    >
      <img
        alt="logo"
        className="Logo"
        onClick={[Function]}
        src="logo192.png"
      />
      <nav
        className="Nav"
      >
        <button
          className="theme"
          id="love"
          onClick={[Function]}
        >
          💖
        </button>
        <button
          className="theme"
          id="whale"
          onClick={[Function]}
        >
          🐋
        </button>
        <button
          className="theme"
          id="sun"
          onClick={[Function]}
        >
          😎
        </button>
        <button
          className="save"
          onClick={[Function]}
        >
          Lagre
        </button>
      </nav>
      <button
        className="Lion"
        onClick={[Function]}
      >
        🦁
      </button>
    </div>
    <div
      className="Title"
    >
      <h1>
        Kul utstilling
      </h1>
    </div>
  </div>
  <div
    className="container"
  >
    <div
      className="img"
    >
      <div>
        <div>
          <img
            alt=""
            className="image"
            src=""
          />
        </div>
        <button
          onClick={[Function]}
        >
           Bilde 
        </button>
      </div>
    </div>
    <div
      className="text"
    >
      <div>
        <button
          onClick={[Function]}
        >
           Tekst 
        </button>
      </div>
    </div>
  </div>
</div>
`;
